exports[`Tree Internal internalOnStateUpdate 1`] = `
<ul
  class="rc-tree"
  role="tree-node"
  unselectable="on">
  <li
    class="rc-tree-treenode-switcher-close">
    <span
      class="rc-tree-switcher rc-tree-switcher_close">
      
    </span>
    <span
      class="rc-tree-checkbox">
      
    </span>
    <span
      class="rc-tree-node-content-wrapper rc-tree-node-content-wrapper-close"
      title="0-0">
      <span
        class="rc-tree-iconEle rc-tree-icon__close">
        
      </span>
      <span
        class="rc-tree-title">
        0-0
      </span>
    </span>
  </li>
</ul>
`;
